Loading model from qwen05b ...
Loading weights:   0%|          | 0/290 [00:00<?, ?it/s]Loading weights:   0%|          | 1/290 [00:01<06:23,  1.33s/it]Loading weights: 100%|██████████| 290/290 [00:01<00:00, 211.82it/s]
Model has 24 layers; quantizing: [0, 1, 2, 3, 4, 5, 6, 7, 8, 9, 10, 11, 12, 13, 14, 15, 16, 17, 18, 19, 20, 21, 22, 23]
Warning: You are sending unauthenticated requests to the HF Hub. Please set a HF_TOKEN to enable higher rate limits and faster downloads.
[transformers] Token indices sequence length is longer than the specified maximum sequence length for this model (276404 > 131072). Running this sequence through the model will result in indexing errors
layer  0/23  quantized 7 tensors  [  89.0s elapsed]
layer  1/23  quantized 7 tensors  [ 162.0s elapsed]
layer  2/23  quantized 7 tensors  [ 233.8s elapsed]
layer  3/23  quantized 7 tensors  [ 306.8s elapsed]
layer  4/23  quantized 7 tensors  [ 384.9s elapsed]
layer  5/23  quantized 7 tensors  [ 465.9s elapsed]
layer  6/23  quantized 7 tensors  [ 543.8s elapsed]
layer  7/23  quantized 7 tensors  [ 629.2s elapsed]
layer  8/23  quantized 7 tensors  [ 715.3s elapsed]
layer  9/23  quantized 7 tensors  [ 801.4s elapsed]
layer 10/23  quantized 7 tensors  [1341.3s elapsed]
layer 11/23  quantized 7 tensors  [1427.9s elapsed]
layer 12/23  quantized 7 tensors  [1516.3s elapsed]
layer 13/23  quantized 7 tensors  [1611.1s elapsed]
layer 14/23  quantized 7 tensors  [1703.5s elapsed]
layer 15/23  quantized 7 tensors  [1798.4s elapsed]
layer 16/23  quantized 7 tensors  [1897.7s elapsed]
layer 17/23  quantized 7 tensors  [2004.7s elapsed]
layer 18/23  quantized 7 tensors  [2110.9s elapsed]
layer 19/23  quantized 7 tensors  [2213.0s elapsed]
layer 20/23  quantized 7 tensors  [2926.8s elapsed]
layer 21/23  quantized 7 tensors  [3034.5s elapsed]
layer 22/23  quantized 7 tensors  [3144.8s elapsed]
layer 23/23  quantized 7 tensors  [3254.2s elapsed]

Quantized 357,826,560 parameters across 24 layer(s), ~2.75 bpw for touched tensors (stages=[256, 256, 64], codebook overhead <0.1 bpw).
Embeddings, output head, and norms were left untouched (full precision).
Writing model shards:   0%|          | 0/1 [00:00<?, ?it/s]Writing model shards: 100%|██████████| 1/1 [00:02<00:00,  2.11s/it]Writing model shards: 100%|██████████| 1/1 [00:02<00:00,  2.11s/it]

Saved new checkpoint to: qwen05b_pbr3bit
Load and test it directly:  python eval_ppl.py qwen05b_pbr3bit
