=== QUANTIZE START 2026-09-22T06:40:11+00:00 ===
env: PBR_STAGES=256,256,64 PBR_LAYER_STAGES=0:512,256,64;1:512,256,64;2:512,256,64;19:512,256,64;20:512,256,64;21:512,256,64;22:512,256,64;23:512,256,64 PBR_CHUNK=20000 PBR_CPU_FP32=1
stack 2.14.0+cpu 5.17.0 5.0.1 2.4.4
Loading model from ./qwen05b ...
Loading weights:   0%|          | 0/290 [00:00<?, ?it/s]Loading weights:   0%|          | 1/290 [00:00<01:01,  4.69it/s]Loading weights:  59%|█████▉    | 171/290 [00:00<00:00, 634.35it/s]Loading weights:  88%|████████▊ | 255/290 [00:00<00:00, 695.11it/s]Loading weights: 100%|██████████| 290/290 [00:00<00:00, 609.06it/s]
Model has 24 layers; quantizing: [0, 1, 2, 3, 4, 5, 6, 7, 8, 9, 10, 11, 12, 13, 14, 15, 16, 17, 18, 19, 20, 21, 22, 23]
Warning: You are sending unauthenticated requests to the HF Hub. Please set a HF_TOKEN to enable higher rate limits and faster downloads.
Generating test split:   0%|          | 0/4358 [00:00<?, ? examples/s]Generating test split: 100%|██████████| 4358/4358 [00:00<00:00, 233893.50 examples/s]
Generating train split:   0%|          | 0/36718 [00:00<?, ? examples/s]Generating train split: 100%|██████████| 36718/36718 [00:00<00:00, 688484.70 examples/s]
Generating validation split:   0%|          | 0/3760 [00:00<?, ? examples/s]Generating validation split: 100%|██████████| 3760/3760 [00:00<00:00, 770461.82 examples/s]
[transformers] Token indices sequence length is longer than the specified maximum sequence length for this model (276404 > 131072). Running this sequence through the model will result in indexing errors
layer  0/23  quantized 7 tensors  [ 106.2s elapsed]  stages=[512, 256, 64]  index 2.875 bpw
progress saved through layer 0
layer  1/23  quantized 7 tensors  [ 197.4s elapsed]  stages=[512, 256, 64]  index 2.875 bpw
progress saved through layer 1
layer  2/23  quantized 7 tensors  [ 286.7s elapsed]  stages=[512, 256, 64]  index 2.875 bpw
progress saved through layer 2
layer  3/23  quantized 7 tensors  [ 354.0s elapsed]  stages=[256, 256, 64]  index 2.75 bpw
progress saved through layer 3
layer  4/23  quantized 7 tensors  [ 423.9s elapsed]  stages=[256, 256, 64]  index 2.75 bpw
progress saved through layer 4
layer  5/23  quantized 7 tensors  [ 499.3s elapsed]  stages=[256, 256, 64]  index 2.75 bpw
progress saved through layer 5
layer  6/23  quantized 7 tensors  [ 574.1s elapsed]  stages=[256, 256, 64]  index 2.75 bpw
progress saved through layer 6
layer  7/23  quantized 7 tensors  [ 651.1s elapsed]  stages=[256, 256, 64]  index 2.75 bpw
progress saved through layer 7
layer  8/23  quantized 7 tensors  [ 727.1s elapsed]  stages=[256, 256, 64]  index 2.75 bpw
progress saved through layer 8
layer  9/23  quantized 7 tensors  [ 806.3s elapsed]  stages=[256, 256, 64]  index 2.75 bpw
progress saved through layer 9
layer 10/23  quantized 7 tensors  [ 887.6s elapsed]  stages=[256, 256, 64]  index 2.75 bpw
progress saved through layer 10
layer 11/23  quantized 7 tensors  [ 966.8s elapsed]  stages=[256, 256, 64]  index 2.75 bpw
progress saved through layer 11
layer 12/23  quantized 7 tensors  [1050.7s elapsed]  stages=[256, 256, 64]  index 2.75 bpw
progress saved through layer 12
layer 13/23  quantized 7 tensors  [1136.4s elapsed]  stages=[256, 256, 64]  index 2.75 bpw
progress saved through layer 13
layer 14/23  quantized 7 tensors  [1222.7s elapsed]  stages=[256, 256, 64]  index 2.75 bpw
progress saved through layer 14
layer 15/23  quantized 7 tensors  [1309.7s elapsed]  stages=[256, 256, 64]  index 2.75 bpw
progress saved through layer 15
layer 16/23  quantized 7 tensors  [1396.9s elapsed]  stages=[256, 256, 64]  index 2.75 bpw
progress saved through layer 16
layer 17/23  quantized 7 tensors  [1484.9s elapsed]  stages=[256, 256, 64]  index 2.75 bpw
progress saved through layer 17
layer 18/23  quantized 7 tensors  [1577.8s elapsed]  stages=[256, 256, 64]  index 2.75 bpw
progress saved through layer 18
layer 19/23  quantized 7 tensors  [1690.4s elapsed]  stages=[512, 256, 64]  index 2.875 bpw
progress saved through layer 19
layer 20/23  quantized 7 tensors  [1804.6s elapsed]  stages=[512, 256, 64]  index 2.875 bpw
progress saved through layer 20
layer 21/23  quantized 7 tensors  [1921.5s elapsed]  stages=[512, 256, 64]  index 2.875 bpw
progress saved through layer 21
layer 22/23  quantized 7 tensors  [2035.7s elapsed]  stages=[512, 256, 64]  index 2.875 bpw
progress saved through layer 22
layer 23/23  quantized 7 tensors  [2153.4s elapsed]  stages=[512, 256, 64]  index 2.875 bpw
progress saved through layer 23

Quantized 357,826,560 parameters across 24 layer(s), mixed stages:
  layer 0: stages=[512, 256, 64]  index 2.875 bpw
  layer 1: stages=[512, 256, 64]  index 2.875 bpw
  layer 2: stages=[512, 256, 64]  index 2.875 bpw
  layer 3: stages=[256, 256, 64]  index 2.75 bpw
  layer 4: stages=[256, 256, 64]  index 2.75 bpw
  layer 5: stages=[256, 256, 64]  index 2.75 bpw
  layer 6: stages=[256, 256, 64]  index 2.75 bpw
  layer 7: stages=[256, 256, 64]  index 2.75 bpw
  layer 8: stages=[256, 256, 64]  index 2.75 bpw
  layer 9: stages=[256, 256, 64]  index 2.75 bpw
  layer 10: stages=[256, 256, 64]  index 2.75 bpw
  layer 11: stages=[256, 256, 64]  index 2.75 bpw
  layer 12: stages=[256, 256, 64]  index 2.75 bpw
  layer 13: stages=[256, 256, 64]  index 2.75 bpw
  layer 14: stages=[256, 256, 64]  index 2.75 bpw
  layer 15: stages=[256, 256, 64]  index 2.75 bpw
  layer 16: stages=[256, 256, 64]  index 2.75 bpw
  layer 17: stages=[256, 256, 64]  index 2.75 bpw
  layer 18: stages=[256, 256, 64]  index 2.75 bpw
  layer 19: stages=[512, 256, 64]  index 2.875 bpw
  layer 20: stages=[512, 256, 64]  index 2.875 bpw
  layer 21: stages=[512, 256, 64]  index 2.875 bpw
  layer 22: stages=[512, 256, 64]  index 2.875 bpw
  layer 23: stages=[512, 256, 64]  index 2.875 bpw
Codebook overhead is <0.1 bpw on wide tensors and larger on narrow k/v.
Embeddings, output head, and norms were left untouched (full precision).
Writing model shards:   0%|          | 0/1 [00:00<?, ?it/s]Writing model shards: 100%|██████████| 1/1 [00:00<00:00,  1.28it/s]Writing model shards: 100%|██████████| 1/1 [00:00<00:00,  1.28it/s]

Saved new checkpoint to: ./qwen05b_p4_late
Load and test it directly:  python eval_ppl.py ./qwen05b_p4_late
=== QUANTIZE DONE rc=0 2026-09-22T07:16:14+00:00 ===
