=== RUNNER START 2026-09-22T09:02:31Z ===
recipe: L0-7 and L13-23 at 512,256,64; L8-12 at 256,256,64
PBR_LAYER_STAGES=0:512,256,64;1:512,256,64;2:512,256,64;3:512,256,64;4:512,256,64;5:512,256,64;6:512,256,64;7:512,256,64;13:512,256,64;14:512,256,64;15:512,256,64;16:512,256,64;17:512,256,64;18:512,256,64;19:512,256,64;20:512,256,64;21:512,256,64;22:512,256,64;23:512,256,64
PBR_CHUNK=20000 PBR_CPU_FP32=1 threads=4
stack 2.14.0+cpu 5.17.0 5.0.1 2.4.4
=== DOWNLOAD START 2026-09-22T09:02:34Z ===
=== DOWNLOAD DONE rc=0 2026-09-22T09:02:37Z ===
=== EVAL DONE rc=0 2026-09-22T09:14:38Z ===
=== QUANTIZE START 2026-09-22T09:14:38Z attempt=1 ===
env: PBR_STAGES=256,256,64 PBR_LAYER_STAGES=0:512,256,64;1:512,256,64;2:512,256,64;3:512,256,64;4:512,256,64;5:512,256,64;6:512,256,64;7:512,256,64;13:512,256,64;14:512,256,64;15:512,256,64;16:512,256,64;17:512,256,64;18:512,256,64;19:512,256,64;20:512,256,64;21:512,256,64;22:512,256,64;23:512,256,64 PBR_CHUNK=20000 PBR_CPU_FP32=1
stack 2.14.0+cpu 5.17.0 5.0.1 2.4.4
=== QUANTIZE ATTEMPT 1 rc=0 2026-09-22T10:12:56Z ===
=== DTYPE CHECK 2026-09-22T10:12:56Z ===
safetensors_bytes=1976163472
dtype_counts {'float32': 290}
model.layers.3.mlp.gate_proj.weight float32 (4864, 896)
model.layers.8.mlp.gate_proj.weight float32 (4864, 896)
model.layers.0.self_attn.q_proj.weight float32 (896, 896)
orig_bytes 988097824
=== EVAL DONE rc=0 2026-09-22T10:22:50Z ===
=== RUNNER DONE quantize=0 baseline=0 full=0 2026-09-22T10:22:50Z ===
